---
source: src/customcolors.rs
expression: "\"Greetings from Ukraine\".custom_color(my_color)"
---
[38;2;0;120;120mGreetings from Ukraine[0m
